   Compiling version_check v0.9.5
   Compiling proc-macro2 v1.0.107
   Compiling typenum v1.20.1
   Compiling quote v1.0.47
   Compiling unicode-ident v1.0.24
   Compiling serde_core v1.0.229
   Compiling zmij v1.0.23
   Compiling serde v1.0.229
   Compiling serde_json v1.0.151
   Compiling cpufeatures v0.2.17
   Compiling memchr v2.8.3
   Compiling itoa v1.0.18
   Compiling cfg-if v1.0.4
   Compiling generic-array v0.14.7
   Compiling syn v3.0.5
   Compiling block-buffer v0.10.4
   Compiling crypto-common v0.1.7
   Compiling digest v0.10.7
   Compiling sha2 v0.10.9
   Compiling serde_derive v1.0.229
   Compiling clinx-decision-kernel v0.1.0 (/home/pvxlabs/dev/CLINX-worktrees/execution-liveness-v2/kernel)
    Finished `release` profile [optimized] target(s) in 4.01s
